Analyzing admin_panel.dart...                                   

   info - 'Share' is deprecated and shouldn't be used. Use SharePlus instead - lib\admin_panel.dart:30:13 - deprecated_member_use
   info - 'shareXFiles' is deprecated and shouldn't be used. Use SharePlus.instance.share() instead - lib\admin_panel.dart:30:19 - deprecated_member_use
   info - Don't invoke 'print' in production code - lib\admin_panel.dart:103:17 - avoid_print
   info - Don't use 'BuildContext's across async gaps, guarded by an unrelated 'mounted' check - lib\admin_panel.dart:226:45 - use_build_context_synchronously
   info - Don't use 'BuildContext's across async gaps, guarded by an unrelated 'mounted' check - lib\admin_panel.dart:227:52 - use_build_context_synchronously
   info - Don't use 'BuildContext's across async gaps, guarded by an unrelated 'mounted' check - lib\admin_panel.dart:236:52 - use_build_context_synchronously

