00:00 +0: loading C:/Users/athma/OneDrive/Desktop/Mini Project/gowayanad/test/ui_widget_test.dart
00:00 +0: (setUpAll)
00:00 +0: Widget Tests - Homepage & Flow EmergencyRideHome renders and shows title
ΓòÉΓòÉΓòí EXCEPTION CAUGHT BY WIDGETS LIBRARY Γò₧ΓòÉΓòÉΓòÉΓòÉΓòÉΓòÉΓòÉΓòÉΓòÉΓòÉΓòÉΓòÉΓòÉΓòÉΓòÉΓòÉΓòÉΓòÉΓòÉΓòÉΓòÉΓòÉΓòÉΓòÉΓòÉΓòÉΓòÉΓòÉΓòÉΓòÉΓòÉΓòÉΓòÉΓòÉΓòÉΓòÉΓòÉΓòÉΓòÉΓòÉΓòÉΓòÉΓòÉΓòÉΓòÉΓòÉΓòÉΓòÉΓòÉΓòÉΓòÉΓòÉΓòÉΓòÉΓòÉΓòÉΓòÉΓòÉΓòÉ
The following FirebaseException was thrown building Builder:
[core/no-app] No Firebase App '[DEFAULT]' has been created - call Firebase.initializeApp()

The relevant error-causing widget was:
  MaterialApp
  MaterialApp:file:///C:/Users/athma/OneDrive/Desktop/Mini%20Project/gowayanad/test/ui_widget_test.dart:59:12

When the exception was thrown, this was the stack:
#0      MethodChannelFirebase.app (package:firebase_core_platform_interface/src/method_channel/method_channel_firebase.dart:190:5)
#1      Firebase.app (package:firebase_core/src/firebase.dart:92:41)
#2      FirebaseAuth.instance (package:firebase_auth/src/firebase_auth.dart:38:47)
#3      _EmergencyRideHomeState.initState (package:gowayanad/frontend/screens/homepage.dart:45:41)
#4      StatefulElement._firstBuild (package:flutter/src/widgets/framework.dart:5950:55)
#5      ComponentElement.mount (package:flutter/src/widgets/framework.dart:5793:5)
...     Normal element mounting (260 frames)
#265    Element.inflateWidget (package:flutter/src/widgets/framework.dart:4587:20)
#266    MultiChildRenderObjectElement.inflateWidget (package:flutter/src/widgets/framework.dart:7264:36)
#267    MultiChildRenderObjectElement.mount (package:flutter/src/widgets/framework.dart:7279:32)
...     Normal element mounting (467 frames)
#734    Element.inflateWidget (package:flutter/src/widgets/framework.dart:4587:20)
#735    Element.updateChild (package:flutter/src/widgets/framework.dart:4053:20)
#736    ComponentElement.performRebuild (package:flutter/src/widgets/framework.dart:5841:16)
#737    Element.rebuild (package:flutter/src/widgets/framework.dart:5529:7)
#738    ProxyElement.update (package:flutter/src/widgets/framework.dart:6149:5)
#739    _InheritedNotifierElement.update (package:flutter/src/widgets/inherited_notifier.dart:108:11)
#740    Element.updateChild (package:flutter/src/widgets/framework.dart:4037:15)
#741    ComponentElement.performRebuild (package:flutter/src/widgets/framework.dart:5841:16)
#742    StatefulElement.performRebuild (package:flutter/src/widgets/framework.dart:5982:11)
#743    Element.rebuild (package:flutter/src/widgets/framework.dart:5529:7)
#744    StatefulElement.update (package:flutter/src/widgets/framework.dart:6007:5)
#745    Element.updateChild (package:flutter/src/widgets/framework.dart:4037:15)
#746    ComponentElement.performRebuild (package:flutter/src/widgets/framework.dart:5841:16)
#747    Element.rebuild (package:flutter/src/widgets/framework.dart:5529:7)
#748    ProxyElement.update (package:flutter/src/widgets/framework.dart:6149:5)
#749    _InheritedNotifierElement.update (package:flutter/src/widgets/inherited_notifier.dart:108:11)
#750    Element.updateChild (package:flutter/src/widgets/framework.dart:4037:15)
#751    ComponentElement.performRebuild (package:flutter/src/widgets/framework.dart:5841:16)
#752    StatefulElement.performRebuild (package:flutter/src/widgets/framework.dart:5982:11)
#753    Element.rebuild (package:flutter/src/widgets/framework.dart:5529:7)
#754    StatefulElement.update (package:flutter/src/widgets/framework.dart:6007:5)
#755    Element.updateChild (package:flutter/src/widgets/framework.dart:4037:15)
#756    ComponentElement.performRebuild (package:flutter/src/widgets/framework.dart:5841:16)
#757    StatefulElement.performRebuild (package:flutter/src/widgets/framework.dart:5982:11)
#758    Element.rebuild (package:flutter/src/widgets/framework.dart:5529:7)
#759    StatefulElement.update (package:flutter/src/widgets/framework.dart:6007:5)
#760    Element.updateChild (package:flutter/src/widgets/framework.dart:4037:15)
#761    ComponentElement.performRebuild (package:flutter/src/widgets/framework.dart:5841:16)
#762    Element.rebuild (package:flutter/src/widgets/framework.dart:5529:7)
#763    ProxyElement.update (package:flutter/src/widgets/framework.dart:6149:5)
#764    Element.updateChild (package:flutter/src/widgets/framework.dart:4037:15)
#765    ComponentElement.performRebuild (package:flutter/src/widgets/framework.dart:5841:16)
#766    StatefulElement.performRebuild (package:flutter/src/widgets/framework.dart:5982:11)
#767    Element.rebuild (package:flutter/src/widgets/framework.dart:5529:7)
#768    StatefulElement.update (package:flutter/src/widgets/framework.dart:6007:5)
#769    Element.updateChild (package:flutter/src/widgets/framework.dart:4037:15)
#770    ComponentElement.performRebuild (package:flutter/src/widgets/framework.dart:5841:16)
#771    Element.rebuild (package:flutter/src/widgets/framework.dart:5529:7)
#772    ProxyElement.update (package:flutter/src/widgets/framework.dart:6149:5)
#773    Element.updateChild (package:flutter/src/widgets/framework.dart:4037:15)
#774    ComponentElement.performRebuild (package:flutter/src/widgets/framework.dart:5841:16)
#775    Element.rebuild (package:flutter/src/widgets/framework.dart:5529:7)
#776    ProxyElement.update (package:flutter/src/widgets/framework.dart:6149:5)
#777    Element.updateChild (package:flutter/src/widgets/framework.dart:4037:15)
#778    _RawViewElement._updateChild (package:flutter/src/widgets/view.dart:481:16)
#779    _RawViewElement.update (package:flutter/src/widgets/view.dart:568:5)
#780    Element.updateChild (package:flutter/src/widgets/framework.dart:4037:15)
#781    ComponentElement.performRebuild (package:flutter/src/widgets/framework.dart:5841:16)
#782    Element.rebuild (package:flutter/src/widgets/framework.dart:5529:7)
#783    StatelessElement.update (package:flutter/src/widgets/framework.dart:5895:5)
#784    Element.updateChild (package:flutter/src/widgets/framework.dart:4037:15)
#785    ComponentElement.performRebuild (package:flutter/src/widgets/framework.dart:5841:16)
#786    StatefulElement.performRebuild (package:flutter/src/widgets/framework.dart:5982:11)
#787    Element.rebuild (package:flutter/src/widgets/framework.dart:5529:7)
#788    StatefulElement.update (package:flutter/src/widgets/framework.dart:6007:5)
#789    Element.updateChild (package:flutter/src/widgets/framework.dart:4037:15)
#790    RootElement._rebuild (package:flutter/src/widgets/binding.dart:1822:16)
#791    RootElement.update (package:flutter/src/widgets/binding.dart:1800:5)
#792    RootElement.performRebuild (package:flutter/src/widgets/binding.dart:1814:7)
#793    Element.rebuild (package:flutter/src/widgets/framework.dart:5529:7)
#794    BuildScope._tryRebuild (package:flutter/src/widgets/framework.dart:2750:15)
#795    BuildScope._flushDirtyElements (package:flutter/src/widgets/framework.dart:2807:11)
#796    BuildOwner.buildScope (package:flutter/src/widgets/framework.dart:3111:18)
#797    AutomatedTestWidgetsFlutterBinding.drawFrame (package:flutter_test/src/binding.dart:2131:19)
#798    RendererBinding._handlePersistentFrameCallback (package:flutter/src/rendering/binding.dart:495:5)
#799    SchedulerBinding._invokeFrameCallback (package:flutter/src/scheduler/binding.dart:1430:15)
#800    SchedulerBinding.handleDrawFrame (package:flutter/src/scheduler/binding.dart:1345:9)
#801    AutomatedTestWidgetsFlutterBinding.pump.<anonymous closure> (package:flutter_test/src/binding.dart:1960:9)
#804    TestAsyncUtils.guard (package:flutter_test/src/test_async_utils.dart:74:41)
#805    AutomatedTestWidgetsFlutterBinding.pump (package:flutter_test/src/binding.dart:1949:27)
#806    WidgetTester.pumpWidget.<anonymous closure> (package:flutter_test/src/widget_tester.dart:598:22)
#809    TestAsyncUtils.guard (package:flutter_test/src/test_async_utils.dart:74:41)
#810    WidgetTester.pumpWidget (package:flutter_test/src/widget_tester.dart:595:27)
#811    main.<anonymous closure>.<anonymous closure> (file:///C:/Users/athma/OneDrive/Desktop/Mini%20Project/gowayanad/test/ui_widget_test.dart:69:20)
#812    testWidgets.<anonymous closure>.<anonymous closure> (package:flutter_test/src/widget_tester.dart:192:29)
<asynchronous suspension>
#813    TestWidgetsFlutterBinding._runTestBody (package:flutter_test/src/binding.dart:1682:5)
<asynchronous suspension>
<asynchronous suspension>
(elided 5 frames from dart:async and package:stack_trace)

ΓòÉΓòÉΓòÉΓòÉΓòÉΓòÉΓòÉΓòÉΓòÉΓòÉΓòÉΓòÉΓòÉΓòÉΓòÉΓòÉΓòÉΓòÉΓòÉΓòÉΓòÉΓòÉΓòÉΓòÉΓòÉΓòÉΓòÉΓòÉΓòÉΓòÉΓòÉΓòÉΓòÉΓòÉΓòÉΓòÉΓòÉΓòÉΓòÉΓòÉΓòÉΓòÉΓòÉΓòÉΓòÉΓòÉΓòÉΓòÉΓòÉΓòÉΓòÉΓòÉΓòÉΓòÉΓòÉΓòÉΓòÉΓòÉΓòÉΓòÉΓòÉΓòÉΓòÉΓòÉΓòÉΓòÉΓòÉΓòÉΓòÉΓòÉΓòÉΓòÉΓòÉΓòÉΓòÉΓòÉΓòÉΓòÉΓòÉΓòÉΓòÉΓòÉΓòÉΓòÉΓòÉΓòÉΓòÉΓòÉΓòÉΓòÉΓòÉΓòÉΓòÉΓòÉΓòÉΓòÉΓòÉΓòÉΓòÉΓòÉ
ΓòÉΓòÉΓòí EXCEPTION CAUGHT BY FLUTTER TEST FRAMEWORK Γò₧ΓòÉΓòÉΓòÉΓòÉΓòÉΓòÉΓòÉΓòÉΓòÉΓòÉΓòÉΓòÉΓòÉΓòÉΓòÉΓòÉΓòÉΓòÉΓòÉΓòÉΓòÉΓòÉΓòÉΓòÉΓòÉΓòÉΓòÉΓòÉΓòÉΓòÉΓòÉΓòÉΓòÉΓòÉΓòÉΓòÉΓòÉΓòÉΓòÉΓòÉΓòÉΓòÉΓòÉΓòÉΓòÉΓòÉΓòÉΓòÉΓòÉΓòÉΓòÉΓòÉ
The following TestFailure was thrown running a test:
Expected: exactly one matching candidate
  Actual: _TextWidgetFinder:<Found 0 widgets with text "GoWayanad": []>
   Which: means none were found but one was expected

When the exception was thrown, this was the stack:
#4      main.<anonymous closure>.<anonymous closure> (file:///C:/Users/athma/OneDrive/Desktop/Mini%20Project/gowayanad/test/ui_widget_test.dart:77:7)
<asynchronous suspension>
#5      testWidgets.<anonymous closure>.<anonymous closure> (package:flutter_test/src/widget_tester.dart:192:15)
<asynchronous suspension>
#6      TestWidgetsFlutterBinding._runTestBody (package:flutter_test/src/binding.dart:1682:5)
<asynchronous suspension>
<asynchronous suspension>
(elided one frame from package:stack_trace)

This was caught by the test expectation on the following line:
  file:///C:/Users/athma/OneDrive/Desktop/Mini%20Project/gowayanad/test/ui_widget_test.dart line 77
The test description was:
  EmergencyRideHome renders and shows title
ΓòÉΓòÉΓòÉΓòÉΓòÉΓòÉΓòÉΓòÉΓòÉΓòÉΓòÉΓòÉΓòÉΓòÉΓòÉΓòÉΓòÉΓòÉΓòÉΓòÉΓòÉΓòÉΓòÉΓòÉΓòÉΓòÉΓòÉΓòÉΓòÉΓòÉΓòÉΓòÉΓòÉΓòÉΓòÉΓòÉΓòÉΓòÉΓòÉΓòÉΓòÉΓòÉΓòÉΓòÉΓòÉΓòÉΓòÉΓòÉΓòÉΓòÉΓòÉΓòÉΓòÉΓòÉΓòÉΓòÉΓòÉΓòÉΓòÉΓòÉΓòÉΓòÉΓòÉΓòÉΓòÉΓòÉΓòÉΓòÉΓòÉΓòÉΓòÉΓòÉΓòÉΓòÉΓòÉΓòÉΓòÉΓòÉΓòÉΓòÉΓòÉΓòÉΓòÉΓòÉΓòÉΓòÉΓòÉΓòÉΓòÉΓòÉΓòÉΓòÉΓòÉΓòÉΓòÉΓòÉΓòÉΓòÉΓòÉΓòÉ
ΓòÉΓòÉΓòí EXCEPTION CAUGHT BY FLUTTER TEST FRAMEWORK Γò₧ΓòÉΓòÉΓòÉΓòÉΓòÉΓòÉΓòÉΓòÉΓòÉΓòÉΓòÉΓòÉΓòÉΓòÉΓòÉΓòÉΓòÉΓòÉΓòÉΓòÉΓòÉΓòÉΓòÉΓòÉΓòÉΓòÉΓòÉΓòÉΓòÉΓòÉΓòÉΓòÉΓòÉΓòÉΓòÉΓòÉΓòÉΓòÉΓòÉΓòÉΓòÉΓòÉΓòÉΓòÉΓòÉΓòÉΓòÉΓòÉΓòÉΓòÉΓòÉΓòÉ
The following message was thrown:
Multiple exceptions (2) were detected during the running of the current test, and at least one was
unexpected.
ΓòÉΓòÉΓòÉΓòÉΓòÉΓòÉΓòÉΓòÉΓòÉΓòÉΓòÉΓòÉΓòÉΓòÉΓòÉΓòÉΓòÉΓòÉΓòÉΓòÉΓòÉΓòÉΓòÉΓòÉΓòÉΓòÉΓòÉΓòÉΓòÉΓòÉΓòÉΓòÉΓòÉΓòÉΓòÉΓòÉΓòÉΓòÉΓòÉΓòÉΓòÉΓòÉΓòÉΓòÉΓòÉΓòÉΓòÉΓòÉΓòÉΓòÉΓòÉΓòÉΓòÉΓòÉΓòÉΓòÉΓòÉΓòÉΓòÉΓòÉΓòÉΓòÉΓòÉΓòÉΓòÉΓòÉΓòÉΓòÉΓòÉΓòÉΓòÉΓòÉΓòÉΓòÉΓòÉΓòÉΓòÉΓòÉΓòÉΓòÉΓòÉΓòÉΓòÉΓòÉΓòÉΓòÉΓòÉΓòÉΓòÉΓòÉΓòÉΓòÉΓòÉΓòÉΓòÉΓòÉΓòÉΓòÉΓòÉΓòÉ
00:00 +0 -1: Widget Tests - Homepage & Flow EmergencyRideHome renders and shows title [E]
  Test failed. See exception logs above.
  The test description was: EmergencyRideHome renders and shows title
  
00:00 +0 -1: Widget Tests - Homepage & Flow Tapping Request Emergency Ride navigates to Booking Screen
ΓòÉΓòÉΓòí EXCEPTION CAUGHT BY WIDGETS LIBRARY Γò₧ΓòÉΓòÉΓòÉΓòÉΓòÉΓòÉΓòÉΓòÉΓòÉΓòÉΓòÉΓòÉΓòÉΓòÉΓòÉΓòÉΓòÉΓòÉΓòÉΓòÉΓòÉΓòÉΓòÉΓòÉΓòÉΓòÉΓòÉΓòÉΓòÉΓòÉΓòÉΓòÉΓòÉΓòÉΓòÉΓòÉΓòÉΓòÉΓòÉΓòÉΓòÉΓòÉΓòÉΓòÉΓòÉΓòÉΓòÉΓòÉΓòÉΓòÉΓòÉΓòÉΓòÉΓòÉΓòÉΓòÉΓòÉΓòÉΓòÉ
The following FirebaseException was thrown building Builder:
[core/no-app] No Firebase App '[DEFAULT]' has been created - call Firebase.initializeApp()

The relevant error-causing widget was:
  MaterialApp
  MaterialApp:file:///C:/Users/athma/OneDrive/Desktop/Mini%20Project/gowayanad/test/ui_widget_test.dart:59:12

When the exception was thrown, this was the stack:
#0      MethodChannelFirebase.app (package:firebase_core_platform_interface/src/method_channel/method_channel_firebase.dart:190:5)
#1      Firebase.app (package:firebase_core/src/firebase.dart:92:41)
#2      FirebaseAuth.instance (package:firebase_auth/src/firebase_auth.dart:38:47)
#3      _EmergencyRideHomeState.initState (package:gowayanad/frontend/screens/homepage.dart:45:41)
#4      StatefulElement._firstBuild (package:flutter/src/widgets/framework.dart:5950:55)
#5      ComponentElement.mount (package:flutter/src/widgets/framework.dart:5793:5)
...     Normal element mounting (260 frames)
#265    Element.inflateWidget (package:flutter/src/widgets/framework.dart:4587:20)
#266    MultiChildRenderObjectElement.inflateWidget (package:flutter/src/widgets/framework.dart:7264:36)
#267    MultiChildRenderObjectElement.mount (package:flutter/src/widgets/framework.dart:7279:32)
...     Normal element mounting (467 frames)
#734    Element.inflateWidget (package:flutter/src/widgets/framework.dart:4587:20)
#735    Element.updateChild (package:flutter/src/widgets/framework.dart:4053:20)
#736    ComponentElement.performRebuild (package:flutter/src/widgets/framework.dart:5841:16)
#737    Element.rebuild (package:flutter/src/widgets/framework.dart:5529:7)
#738    ProxyElement.update (package:flutter/src/widgets/framework.dart:6149:5)
#739    _InheritedNotifierElement.update (package:flutter/src/widgets/inherited_notifier.dart:108:11)
#740    Element.updateChild (package:flutter/src/widgets/framework.dart:4037:15)
#741    ComponentElement.performRebuild (package:flutter/src/widgets/framework.dart:5841:16)
#742    StatefulElement.performRebuild (package:flutter/src/widgets/framework.dart:5982:11)
#743    Element.rebuild (package:flutter/src/widgets/framework.dart:5529:7)
#744    StatefulElement.update (package:flutter/src/widgets/framework.dart:6007:5)
#745    Element.updateChild (package:flutter/src/widgets/framework.dart:4037:15)
#746    ComponentElement.performRebuild (package:flutter/src/widgets/framework.dart:5841:16)
#747    Element.rebuild (package:flutter/src/widgets/framework.dart:5529:7)
#748    ProxyElement.update (package:flutter/src/widgets/framework.dart:6149:5)
#749    _InheritedNotifierElement.update (package:flutter/src/widgets/inherited_notifier.dart:108:11)
#750    Element.updateChild (package:flutter/src/widgets/framework.dart:4037:15)
#751    ComponentElement.performRebuild (package:flutter/src/widgets/framework.dart:5841:16)
#752    StatefulElement.performRebuild (package:flutter/src/widgets/framework.dart:5982:11)
#753    Element.rebuild (package:flutter/src/widgets/framework.dart:5529:7)
#754    StatefulElement.update (package:flutter/src/widgets/framework.dart:6007:5)
#755    Element.updateChild (package:flutter/src/widgets/framework.dart:4037:15)
#756    ComponentElement.performRebuild (package:flutter/src/widgets/framework.dart:5841:16)
#757    StatefulElement.performRebuild (package:flutter/src/widgets/framework.dart:5982:11)
#758    Element.rebuild (package:flutter/src/widgets/framework.dart:5529:7)
#759    StatefulElement.update (package:flutter/src/widgets/framework.dart:6007:5)
#760    Element.updateChild (package:flutter/src/widgets/framework.dart:4037:15)
#761    ComponentElement.performRebuild (package:flutter/src/widgets/framework.dart:5841:16)
#762    Element.rebuild (package:flutter/src/widgets/framework.dart:5529:7)
#763    ProxyElement.update (package:flutter/src/widgets/framework.dart:6149:5)
#764    Element.updateChild (package:flutter/src/widgets/framework.dart:4037:15)
#765    ComponentElement.performRebuild (package:flutter/src/widgets/framework.dart:5841:16)
#766    StatefulElement.performRebuild (package:flutter/src/widgets/framework.dart:5982:11)
#767    Element.rebuild (package:flutter/src/widgets/framework.dart:5529:7)
#768    StatefulElement.update (package:flutter/src/widgets/framework.dart:6007:5)
#769    Element.updateChild (package:flutter/src/widgets/framework.dart:4037:15)
#770    ComponentElement.performRebuild (package:flutter/src/widgets/framework.dart:5841:16)
#771    Element.rebuild (package:flutter/src/widgets/framework.dart:5529:7)
#772    ProxyElement.update (package:flutter/src/widgets/framework.dart:6149:5)
#773    Element.updateChild (package:flutter/src/widgets/framework.dart:4037:15)
#774    ComponentElement.performRebuild (package:flutter/src/widgets/framework.dart:5841:16)
#775    Element.rebuild (package:flutter/src/widgets/framework.dart:5529:7)
#776    ProxyElement.update (package:flutter/src/widgets/framework.dart:6149:5)
#777    Element.updateChild (package:flutter/src/widgets/framework.dart:4037:15)
#778    _RawViewElement._updateChild (package:flutter/src/widgets/view.dart:481:16)
#779    _RawViewElement.update (package:flutter/src/widgets/view.dart:568:5)
#780    Element.updateChild (package:flutter/src/widgets/framework.dart:4037:15)
#781    ComponentElement.performRebuild (package:flutter/src/widgets/framework.dart:5841:16)
#782    Element.rebuild (package:flutter/src/widgets/framework.dart:5529:7)
#783    StatelessElement.update (package:flutter/src/widgets/framework.dart:5895:5)
#784    Element.updateChild (package:flutter/src/widgets/framework.dart:4037:15)
#785    ComponentElement.performRebuild (package:flutter/src/widgets/framework.dart:5841:16)
#786    StatefulElement.performRebuild (package:flutter/src/widgets/framework.dart:5982:11)
#787    Element.rebuild (package:flutter/src/widgets/framework.dart:5529:7)
#788    StatefulElement.update (package:flutter/src/widgets/framework.dart:6007:5)
#789    Element.updateChild (package:flutter/src/widgets/framework.dart:4037:15)
#790    RootElement._rebuild (package:flutter/src/widgets/binding.dart:1822:16)
#791    RootElement.update (package:flutter/src/widgets/binding.dart:1800:5)
#792    RootElement.performRebuild (package:flutter/src/widgets/binding.dart:1814:7)
#793    Element.rebuild (package:flutter/src/widgets/framework.dart:5529:7)
#794    BuildScope._tryRebuild (package:flutter/src/widgets/framework.dart:2750:15)
#795    BuildScope._flushDirtyElements (package:flutter/src/widgets/framework.dart:2807:11)
#796    BuildOwner.buildScope (package:flutter/src/widgets/framework.dart:3111:18)
#797    AutomatedTestWidgetsFlutterBinding.drawFrame (package:flutter_test/src/binding.dart:2131:19)
#798    RendererBinding._handlePersistentFrameCallback (package:flutter/src/rendering/binding.dart:495:5)
#799    SchedulerBinding._invokeFrameCallback (package:flutter/src/scheduler/binding.dart:1430:15)
#800    SchedulerBinding.handleDrawFrame (package:flutter/src/scheduler/binding.dart:1345:9)
#801    AutomatedTestWidgetsFlutterBinding.pump.<anonymous closure> (package:flutter_test/src/binding.dart:1960:9)
#804    TestAsyncUtils.guard (package:flutter_test/src/test_async_utils.dart:74:41)
#805    AutomatedTestWidgetsFlutterBinding.pump (package:flutter_test/src/binding.dart:1949:27)
#806    WidgetTester.pumpWidget.<anonymous closure> (package:flutter_test/src/widget_tester.dart:598:22)
#809    TestAsyncUtils.guard (package:flutter_test/src/test_async_utils.dart:74:41)
#810    WidgetTester.pumpWidget (package:flutter_test/src/widget_tester.dart:595:27)
#811    main.<anonymous closure>.<anonymous closure> (file:///C:/Users/athma/OneDrive/Desktop/Mini%20Project/gowayanad/test/ui_widget_test.dart:86:20)
#812    testWidgets.<anonymous closure>.<anonymous closure> (package:flutter_test/src/widget_tester.dart:192:29)
<asynchronous suspension>
#813    TestWidgetsFlutterBinding._runTestBody (package:flutter_test/src/binding.dart:1682:5)
<asynchronous suspension>
<asynchronous suspension>
(elided 5 frames from dart:async and package:stack_trace)

ΓòÉΓòÉΓòÉΓòÉΓòÉΓòÉΓòÉΓòÉΓòÉΓòÉΓòÉΓòÉΓòÉΓòÉΓòÉΓòÉΓòÉΓòÉΓòÉΓòÉΓòÉΓòÉΓòÉΓòÉΓòÉΓòÉΓòÉΓòÉΓòÉΓòÉΓòÉΓòÉΓòÉΓòÉΓòÉΓòÉΓòÉΓòÉΓòÉΓòÉΓòÉΓòÉΓòÉΓòÉΓòÉΓòÉΓòÉΓòÉΓòÉΓòÉΓòÉΓòÉΓòÉΓòÉΓòÉΓòÉΓòÉΓòÉΓòÉΓòÉΓòÉΓòÉΓòÉΓòÉΓòÉΓòÉΓòÉΓòÉΓòÉΓòÉΓòÉΓòÉΓòÉΓòÉΓòÉΓòÉΓòÉΓòÉΓòÉΓòÉΓòÉΓòÉΓòÉΓòÉΓòÉΓòÉΓòÉΓòÉΓòÉΓòÉΓòÉΓòÉΓòÉΓòÉΓòÉΓòÉΓòÉΓòÉΓòÉΓòÉ
ΓòÉΓòÉΓòí EXCEPTION CAUGHT BY FLUTTER TEST FRAMEWORK Γò₧ΓòÉΓòÉΓòÉΓòÉΓòÉΓòÉΓòÉΓòÉΓòÉΓòÉΓòÉΓòÉΓòÉΓòÉΓòÉΓòÉΓòÉΓòÉΓòÉΓòÉΓòÉΓòÉΓòÉΓòÉΓòÉΓòÉΓòÉΓòÉΓòÉΓòÉΓòÉΓòÉΓòÉΓòÉΓòÉΓòÉΓòÉΓòÉΓòÉΓòÉΓòÉΓòÉΓòÉΓòÉΓòÉΓòÉΓòÉΓòÉΓòÉΓòÉΓòÉΓòÉ
The following TestFailure was thrown running a test:
Expected: at least one matching candidate
  Actual: _TypeWidgetFinder:<Found 0 widgets with type "CustomButton": []>
   Which: means none were found but some were expected

When the exception was thrown, this was the stack:
#4      main.<anonymous closure>.<anonymous closure> (file:///C:/Users/athma/OneDrive/Desktop/Mini%20Project/gowayanad/test/ui_widget_test.dart:95:7)
<asynchronous suspension>
#5      testWidgets.<anonymous closure>.<anonymous closure> (package:flutter_test/src/widget_tester.dart:192:15)
<asynchronous suspension>
#6      TestWidgetsFlutterBinding._runTestBody (package:flutter_test/src/binding.dart:1682:5)
<asynchronous suspension>
<asynchronous suspension>
(elided one frame from package:stack_trace)

This was caught by the test expectation on the following line:
  file:///C:/Users/athma/OneDrive/Desktop/Mini%20Project/gowayanad/test/ui_widget_test.dart line 95
The test description was:
  Tapping Request Emergency Ride navigates to Booking Screen
ΓòÉΓòÉΓòÉΓòÉΓòÉΓòÉΓòÉΓòÉΓòÉΓòÉΓòÉΓòÉΓòÉΓòÉΓòÉΓòÉΓòÉΓòÉΓòÉΓòÉΓòÉΓòÉΓòÉΓòÉΓòÉΓòÉΓòÉΓòÉΓòÉΓòÉΓòÉΓòÉΓòÉΓòÉΓòÉΓòÉΓòÉΓòÉΓòÉΓòÉΓòÉΓòÉΓòÉΓòÉΓòÉΓòÉΓòÉΓòÉΓòÉΓòÉΓòÉΓòÉΓòÉΓòÉΓòÉΓòÉΓòÉΓòÉΓòÉΓòÉΓòÉΓòÉΓòÉΓòÉΓòÉΓòÉΓòÉΓòÉΓòÉΓòÉΓòÉΓòÉΓòÉΓòÉΓòÉΓòÉΓòÉΓòÉΓòÉΓòÉΓòÉΓòÉΓòÉΓòÉΓòÉΓòÉΓòÉΓòÉΓòÉΓòÉΓòÉΓòÉΓòÉΓòÉΓòÉΓòÉΓòÉΓòÉΓòÉΓòÉ
ΓòÉΓòÉΓòí EXCEPTION CAUGHT BY FLUTTER TEST FRAMEWORK Γò₧ΓòÉΓòÉΓòÉΓòÉΓòÉΓòÉΓòÉΓòÉΓòÉΓòÉΓòÉΓòÉΓòÉΓòÉΓòÉΓòÉΓòÉΓòÉΓòÉΓòÉΓòÉΓòÉΓòÉΓòÉΓòÉΓòÉΓòÉΓòÉΓòÉΓòÉΓòÉΓòÉΓòÉΓòÉΓòÉΓòÉΓòÉΓòÉΓòÉΓòÉΓòÉΓòÉΓòÉΓòÉΓòÉΓòÉΓòÉΓòÉΓòÉΓòÉΓòÉΓòÉ
The following message was thrown:
Multiple exceptions (2) were detected during the running of the current test, and at least one was
unexpected.
ΓòÉΓòÉΓòÉΓòÉΓòÉΓòÉΓòÉΓòÉΓòÉΓòÉΓòÉΓòÉΓòÉΓòÉΓòÉΓòÉΓòÉΓòÉΓòÉΓòÉΓòÉΓòÉΓòÉΓòÉΓòÉΓòÉΓòÉΓòÉΓòÉΓòÉΓòÉΓòÉΓòÉΓòÉΓòÉΓòÉΓòÉΓòÉΓòÉΓòÉΓòÉΓòÉΓòÉΓòÉΓòÉΓòÉΓòÉΓòÉΓòÉΓòÉΓòÉΓòÉΓòÉΓòÉΓòÉΓòÉΓòÉΓòÉΓòÉΓòÉΓòÉΓòÉΓòÉΓòÉΓòÉΓòÉΓòÉΓòÉΓòÉΓòÉΓòÉΓòÉΓòÉΓòÉΓòÉΓòÉΓòÉΓòÉΓòÉΓòÉΓòÉΓòÉΓòÉΓòÉΓòÉΓòÉΓòÉΓòÉΓòÉΓòÉΓòÉΓòÉΓòÉΓòÉΓòÉΓòÉΓòÉΓòÉΓòÉΓòÉ
00:00 +0 -2: Widget Tests - Homepage & Flow Tapping Request Emergency Ride navigates to Booking Screen [E]
  Test failed. See exception logs above.
  The test description was: Tapping Request Emergency Ride navigates to Booking Screen
  
00:00 +0 -2: (tearDownAll)
00:00 +0 -2: Some tests failed.
